// Jest Snapshot v1, https://goo.gl/fbAQLP

exports[`<ColorPage> Template should render as expected 1`] = `
<Fragment>
  <GlobalStyleComponent
    color="white"
    suppressMultiMountWarning={false}
  />
  <styled.div>
    <WithStyles(IconButton)
      color="primary"
      onClick={[MockFunction]}
    >
      <pure(NavigateBeforeIcon) />
    </WithStyles(IconButton)>
    <styled.span>
      Auto color cycling is 
      off
    </styled.span>
    <WithStyles(IconButton)
      color="primary"
      onClick={[MockFunction]}
    >
      <pure(NavigateNextIcon) />
    </WithStyles(IconButton)>
  </styled.div>
</Fragment>
`;

exports[`<ColorPage> Template should render as expected 2`] = `
<Fragment>
  <GlobalStyleComponent
    color="white"
    suppressMultiMountWarning={false}
  />
  <styled.div>
    <WithStyles(IconButton)
      color="primary"
      onClick={[MockFunction]}
    >
      <pure(NavigateBeforeIcon) />
    </WithStyles(IconButton)>
    <styled.span>
      Auto color cycling is 
      on
    </styled.span>
    <WithStyles(IconButton)
      color="primary"
      onClick={[MockFunction]}
    >
      <pure(NavigateNextIcon) />
    </WithStyles(IconButton)>
  </styled.div>
</Fragment>
`;
